../Core/Src/main.c:95:6:HAL_TIM_PWM_PulseFinishedCallback	16	static
../Core/Src/main.c:101:6:Set_LED	24	static
../Core/Src/main.c:111:6:Set_Brightness	16	static
../Core/Src/main.c:133:6:WS2812_Send	32	static
../Core/Src/main.c:173:6:Reset_LED	16	static
../Core/Src/main.c:189:9:rainbow_effect_left	40	static
../Core/Src/main.c:226:9:rainbow_effect_right	40	static
../Core/Src/main.c:259:6:right_signal	16	static
../Core/Src/main.c:273:6:stop_signal	16	static
../Core/Src/main.c:281:6:left_signal	16	static
../Core/Src/main.c:295:6:stop_w_left	16	static
../Core/Src/main.c:311:6:stop_w_right	16	static
../Core/Src/main.c:343:6:all_together	32	static
../Core/Src/main.c:370:6:all	40	static
../Core/Src/main.c:405:6:left_right	32	static
../Core/Src/main.c:438:6:opening_sim	32	static
../Core/Src/main.c:470:6:to_visibilty	16	static
../Core/Src/main.c:485:6:all_reset	8	static
../Core/Src/main.c:502:10:MAP	24	static
../Core/Src/main.c:507:6:All_Set_LED	32	static
../Core/Src/main.c:519:6:decimal_to_bin	24	static
../Core/Src/main.c:532:5:main	8	static
../Core/Src/main.c:672:6:SystemClock_Config	88	static
../Core/Src/main.c:719:13:MX_ADC1_Init	24	static
../Core/Src/main.c:766:13:MX_CAN_Init	8	static
../Core/Src/main.c:803:13:MX_TIM1_Init	96	static
../Core/Src/main.c:878:13:MX_TIM2_Init	64	static
../Core/Src/main.c:935:13:MX_DMA_Init	16	static
../Core/Src/main.c:956:13:MX_GPIO_Init	40	static
../Core/Src/main.c:986:6:Error_Handler	4	static,ignoring_inline_asm
