../Core/Src/main.c:222:5:prepare_data	24	static
../Core/Src/main.c:235:6:decimal_to_bin	24	static
../Core/Src/main.c:249:6:GET_ADC_VALUE	16	static
../Core/Src/main.c:258:6:SEND_DATA_TO_LCD	16	static
../Core/Src/main.c:272:5:WaitForMission	32	static
../Core/Src/main.c:293:6:CalculateMaxBattery	16	static
../Core/Src/main.c:300:6:CalculateMinBattery	16	static
../Core/Src/main.c:315:5:main	8	static
../Core/Src/main.c:435:6:SystemClock_Config	88	static
../Core/Src/main.c:482:13:MX_ADC1_Init	24	static
../Core/Src/main.c:534:13:MX_CAN1_Init	8	static
../Core/Src/main.c:571:13:MX_I2C1_Init	8	static
../Core/Src/main.c:605:13:MX_TIM2_Init	64	static
../Core/Src/main.c:664:13:MX_USART2_UART_Init	8	static
../Core/Src/main.c:697:13:MX_USART6_UART_Init	8	static
../Core/Src/main.c:728:13:MX_DMA_Init	16	static
../Core/Src/main.c:746:13:MX_GPIO_Init	48	static
../Core/Src/main.c:780:6:start_nextion	112	static
../Core/Src/main.c:857:6:start_rf	16	static
../Core/Src/main.c:882:6:start_can	24	static
../Core/Src/main.c:1030:6:StartTask04	32	static
../Core/Src/main.c:1136:6:HAL_TIM_PeriodElapsedCallback	16	static
../Core/Src/main.c:1154:6:Error_Handler	4	static,ignoring_inline_asm
