../Core/Src/stm32f1xx_it.c:70:6:NMI_Handler	4	static
../Core/Src/stm32f1xx_it.c:85:6:HardFault_Handler	4	static
../Core/Src/stm32f1xx_it.c:100:6:MemManage_Handler	4	static
../Core/Src/stm32f1xx_it.c:115:6:BusFault_Handler	4	static
../Core/Src/stm32f1xx_it.c:130:6:UsageFault_Handler	4	static
../Core/Src/stm32f1xx_it.c:145:6:DebugMon_Handler	4	static
../Core/Src/stm32f1xx_it.c:165:6:EXTI0_IRQHandler	8	static
../Core/Src/stm32f1xx_it.c:179:6:EXTI1_IRQHandler	8	static
../Core/Src/stm32f1xx_it.c:193:6:EXTI2_IRQHandler	8	static
../Core/Src/stm32f1xx_it.c:207:6:EXTI3_IRQHandler	8	static
../Core/Src/stm32f1xx_it.c:221:6:EXTI4_IRQHandler	8	static
../Core/Src/stm32f1xx_it.c:235:6:EXTI9_5_IRQHandler	8	static
../Core/Src/stm32f1xx_it.c:250:6:TIM1_UP_IRQHandler	8	static
../Core/Src/stm32f1xx_it.c:264:6:EXTI15_10_IRQHandler	8	static
